Checking 1 files...
-- 6 format errors at data/file_style/hello_world_ko.cpp:
    (4,4)
    (4,12)
    (4,15)
    (5,2)
    (6,30)
    (6,36)
---
A total of 6 format errors were found
